2025-08-12 16:16:03.249  5181-5181  service                 service                              W  Thread Pool max thread count is 0. Cannot cache binder as linkToDeath cannot be implemented. serviceName: platform_compat_native
2025-08-12 16:16:03.251  5181-5181  service                 service                              W  Thread Pool max thread count is 0. Cannot cache binder as linkToDeath cannot be implemented. serviceName: power
2025-08-12 16:16:03.252  5181-5181  service                 service                              W  Thread Pool max thread count is 0. Cannot cache binder as linkToDeath cannot be implemented. serviceName: powerstats
2025-08-12 16:16:03.253  5181-5181  service                 service                              W  Thread Pool max thread count is 0. Cannot cache binder as linkToDeath cannot be implemented. serviceName: print
2025-08-12 16:16:03.255  5181-5181  service                 service                              W  Thread Pool max thread count is 0. Cannot cache binder as linkToDeath cannot be implemented. serviceName: processinfo
2025-08-12 16:16:03.256  5181-5181  service                 service                              W  Thread Pool max thread count is 0. Cannot cache binder as linkToDeath cannot be implemented. serviceName: procstats
2025-08-12 16:16:03.257  5181-5181  service                 service                              W  Thread Pool max thread count is 0. Cannot cache binder as linkToDeath cannot be implemented. serviceName: profiling_service
2025-08-12 16:16:03.258  5181-5181  service                 service                              W  Thread Pool max thread count is 0. Cannot cache binder as linkToDeath cannot be implemented. serviceName: ranging
2025-08-12 16:16:03.259  5181-5181  service                 service                              W  Thread Pool max thread count is 0. Cannot cache binder as linkToDeath cannot be implemented. serviceName: reboot_readiness
2025-08-12 16:16:03.261  5181-5181  service                 service                              W  Thread Pool max thread count is 0. Cannot cache binder as linkToDeath cannot be implemented. serviceName: recovery
2025-08-12 16:16:03.262  5181-5181  service                 service                              W  Thread Pool max thread count is 0. Cannot cache binder as linkToDeath cannot be implemented. serviceName: remote_provisioning
2025-08-12 16:16:03.263  5181-5181  service                 service                              W  Thread Pool max thread count is 0. Cannot cache binder as linkToDeath cannot be implemented. serviceName: resources
2025-08-12 16:16:03.264  5181-5181  service                 service                              W  Thread Pool max thread count is 0. Cannot cache binder as linkToDeath cannot be implemented. serviceName: restrictions
2025-08-12 16:16:03.266  5181-5181  service                 service                              W  Thread Pool max thread count is 0. Cannot cache binder as linkToDeath cannot be implemented. serviceName: role
2025-08-12 16:16:03.267  5181-5181  service                 service                              W  Thread Pool max thread count is 0. Cannot cache binder as linkToDeath cannot be implemented. serviceName: rollback
2025-08-12 16:16:03.269  5181-5181  service                 service                              W  Thread Pool max thread count is 0. Cannot cache binder as linkToDeath cannot be implemented. serviceName: runtime
2025-08-12 16:16:03.269  5181-5181  Parcel                  service                              E  Reading a NULL string not supported here.
2025-08-12 16:16:03.270  5181-5181  service                 service                              W  Thread Pool max thread count is 0. Cannot cache binder as linkToDeath cannot be implemented. serviceName: safety_center
2025-08-12 16:16:03.271  5181-5181  service                 service                              W  Thread Pool max thread count is 0. Cannot cache binder as linkToDeath cannot be implemented. serviceName: scheduling_policy
2025-08-12 16:16:03.272  5181-5181  service                 service                              W  Thread Pool max thread count is 0. Cannot cache binder as linkToDeath cannot be implemented. serviceName: sdk_sandbox
2025-08-12 16:16:03.274  5181-5181  service                 service                              W  Thread Pool max thread count is 0. Cannot cache binder as linkToDeath cannot be implemented. serviceName: search
2025-08-12 16:16:03.275  5181-5181  service                 service                              W  Thread Pool max thread count is 0. Cannot cache binder as linkToDeath cannot be implemented. serviceName: search_ui
2025-08-12 16:16:03.276  5181-5181  service                 service                              W  Thread Pool max thread count is 0. Cannot cache binder as linkToDeath cannot be implemented. serviceName: sec_key_att_app_id_provider
2025-08-12 16:16:03.277  5181-5181  service                 service                              W  Thread Pool max thread count is 0. Cannot cache binder as linkToDeath cannot be implemented. serviceName: secure_element
2025-08-12 16:16:03.279  5181-5181  service                 service                              W  Thread Pool max thread count is 0. Cannot cache binder as linkToDeath cannot be implemented. serviceName: security_state
2025-08-12 16:16:03.280  5181-5181  service                 service                              W  Thread Pool max thread count is 0. Cannot cache binder as linkToDeath cannot be implemented. serviceName: sensitive_content_protection_service
2025-08-12 16:16:03.281  5181-5181  service                 service                              W  Thread Pool max thread count is 0. Cannot cache binder as linkToDeath cannot be implemented. serviceName: sensor_privacy
2025-08-12 16:16:03.281  5181-5181  service                 service                              W  Thread Pool max thread count is 0. Cannot cache binder as linkToDeath cannot be implemented. serviceName: sensorservice
2025-08-12 16:16:03.282  5181-5181  service                 service                              W  Thread Pool max thread count is 0. Cannot cache binder as linkToDeath cannot be implemented. serviceName: serial
2025-08-12 16:16:03.283  5181-5181  service                 service                              W  Thread Pool max thread count is 0. Cannot cache binder as linkToDeath cannot be implemented. serviceName: servicediscovery
2025-08-12 16:16:03.284  5181-5181  service                 service                              W  Thread Pool max thread count is 0. Cannot cache binder as linkToDeath cannot be implemented. serviceName: settings
2025-08-12 16:16:03.285  5181-5181  Parcel                  service                              E  Reading a NULL string not supported here.
2025-08-12 16:16:03.285  5181-5181  service                 service                              W  Thread Pool max thread count is 0. Cannot cache binder as linkToDeath cannot be implemented. serviceName: shortcut
2025-08-12 16:16:03.286  5181-5181  service                 service                              W  Thread Pool max thread count is 0. Cannot cache binder as linkToDeath cannot be implemented. serviceName: simphonebook
2025-08-12 16:16:03.287  5181-5181  service                 service                              W  Thread Pool max thread count is 0. Cannot cache binder as linkToDeath cannot be implemented. serviceName: slice
2025-08-12 16:16:03.288  5181-5181  service                 service                              W  Thread Pool max thread count is 0. Cannot cache binder as linkToDeath cannot be implemented. serviceName: smartspace
2025-08-12 16:16:03.288  5181-5181  service                 service                              W  Thread Pool max thread count is 0. Cannot cache binder as linkToDeath cannot be implemented. serviceName: soundtrigger
2025-08-12 16:16:03.289  5181-5181  service                 service                              W  Thread Pool max thread count is 0. Cannot cache binder as linkToDeath cannot be implemented. serviceName: soundtrigger_middleware
2025-08-12 16:16:03.290  5181-5181  service                 service                              W  Thread Pool max thread count is 0. Cannot cache binder as linkToDeath cannot be implemented. serviceName: speech_recognition
2025-08-12 16:16:03.291  5181-5181  service                 service                              W  Thread Pool max thread count is 0. Cannot cache binder as linkToDeath cannot be implemented. serviceName: stats
2025-08-12 16:16:03.292  5181-5181  service                 service                              W  Thread Pool max thread count is 0. Cannot cache binder as linkToDeath cannot be implemented. serviceName: statsbootstrap
2025-08-12 16:16:03.293  5181-5181  service                 service                              W  Thread Pool max thread count is 0. Cannot cache binder as linkToDeath cannot be implemented. serviceName: statscompanion
2025-08-12 16:16:03.294  5181-5181  service                 service                              W  Thread Pool max thread count is 0. Cannot cache binder as linkToDeath cannot be implemented. serviceName: statsmanager
2025-08-12 16:16:03.295  5181-5181  service                 service                              W  Thread Pool max thread count is 0. Cannot cache binder as linkToDeath cannot be implemented. serviceName: statusbar
2025-08-12 16:16:03.296  5181-5181  service                 service                              W  Thread Pool max thread count is 0. Cannot cache binder as linkToDeath cannot be implemented. serviceName: storaged
2025-08-12 16:16:03.297  5181-5181  service                 service                              W  Thread Pool max thread count is 0. Cannot cache binder as linkToDeath cannot be implemented. serviceName: storaged_pri
2025-08-12 16:16:03.298  5181-5181  service                 service                              W  Thread Pool max thread count is 0. Cannot cache binder as linkToDeath cannot be implemented. serviceName: storagestats
2025-08-12 16:16:03.299  5181-5181  service                 service                              W  Thread Pool max thread count is 0. Cannot cache binder as linkToDeath cannot be implemented. serviceName: supervision
2025-08-12 16:16:03.304  5181-5181  service                 service                              W  Thread Pool max thread count is 0. Cannot cache binder as linkToDeath cannot be implemented. serviceName: system_config
2025-08-12 16:16:03.305  5181-5181  service                 service                              W  Thread Pool max thread count is 0. Cannot cache binder as linkToDeath cannot be implemented. serviceName: system_server_dumper
2025-08-12 16:16:03.306  5181-5181  Parcel                  service                              E  Reading a NULL string not supported here.
2025-08-12 16:16:03.307  5181-5181  service                 service                              W  Thread Pool max thread count is 0. Cannot cache binder as linkToDeath cannot be implemented. serviceName: system_update
2025-08-12 16:16:03.308  5181-5181  service                 service                              W  Thread Pool max thread count is 0. Cannot cache binder as linkToDeath cannot be implemented. serviceName: telecom
2025-08-12 16:16:03.309  5181-5181  service                 service                              W  Thread Pool max thread count is 0. Cannot cache binder as linkToDeath cannot be implemented. serviceName: telephony.registry
2025-08-12 16:16:03.311  5181-5181  service                 service                              W  Thread Pool max thread count is 0. Cannot cache binder as linkToDeath cannot be implemented. serviceName: telephony_ims
2025-08-12 16:16:03.312  5181-5181  service                 service                              W  Thread Pool max thread count is 0. Cannot cache binder as linkToDeath cannot be implemented. serviceName: testharness
2025-08-12 16:16:03.313  5181-5181  Parcel                  service                              E  Reading a NULL string not supported here.
2025-08-12 16:16:03.314  5181-5181  service                 service                              W  Thread Pool max thread count is 0. Cannot cache binder as linkToDeath cannot be implemented. serviceName: tethering
2025-08-12 16:16:03.315  5181-5181  service                 service                              W  Thread Pool max thread count is 0. Cannot cache binder as linkToDeath cannot be implemented. serviceName: textclassification
2025-08-12 16:16:03.317  5181-5181  service                 service                              W  Thread Pool max thread count is 0. Cannot cache binder as linkToDeath cannot be implemented. serviceName: textservices
2025-08-12 16:16:03.317  5181-5181  service                 service                              W  Thread Pool max thread count is 0. Cannot cache binder as linkToDeath cannot be implemented. serviceName: texttospeech
2025-08-12 16:16:03.319  5181-5181  service                 service                              W  Thread Pool max thread count is 0. Cannot cache binder as linkToDeath cannot be implemented. serviceName: thermalservice
2025-08-12 16:16:03.320  5181-5181  service                 service                              W  Thread Pool max thread count is 0. Cannot cache binder as linkToDeath cannot be implemented. serviceName: thread_network
2025-08-12 16:16:03.321  5181-5181  service                 service                              W  Thread Pool max thread count is 0. Cannot cache binder as linkToDeath cannot be implemented. serviceName: time_detector
2025-08-12 16:16:03.322  5181-5181  service                 service                              W  Thread Pool max thread count is 0. Cannot cache binder as linkToDeath cannot be implemented. serviceName: time_zone_detector
2025-08-12 16:16:03.323  5181-5181  service                 service                              W  Thread Pool max thread count is 0. Cannot cache binder as linkToDeath cannot be implemented. serviceName: tracing.proxy
2025-08-12 16:16:03.324  5181-5181  service                 service                              W  Thread Pool max thread count is 0. Cannot cache binder as linkToDeath cannot be implemented. serviceName: tradeinmode
2025-08-12 16:16:03.325  5181-5181  service                 service                              W  Thread Pool max thread count is 0. Cannot cache binder as linkToDeath cannot be implemented. serviceName: translation
2025-08-12 16:16:03.326  5181-5181  service                 service                              W  Thread Pool max thread count is 0. Cannot cache binder as linkToDeath cannot be implemented. serviceName: transparency
2025-08-12 16:16:03.327  5181-5181  service                 service                              W  Thread Pool max thread count is 0. Cannot cache binder as linkToDeath cannot be implemented. serviceName: trust
2025-08-12 16:16:03.328  5181-5181  service                 service                              W  Thread Pool max thread count is 0. Cannot cache binder as linkToDeath cannot be implemented. serviceName: uimode
2025-08-12 16:16:03.328  5181-5181  service                 service                              W  Thread Pool max thread count is 0. Cannot cache binder as linkToDeath cannot be implemented. serviceName: updatelock
2025-08-12 16:16:03.329  5181-5181  service                 service                              W  Thread Pool max thread count is 0. Cannot cache binder as linkToDeath cannot be implemented. serviceName: uri_grants
2025-08-12 16:16:03.330  5181-5181  service                 service                              W  Thread Pool max thread count is 0. Cannot cache binder as linkToDeath cannot be implemented. serviceName: usagestats
2025-08-12 16:16:03.331  5181-5181  service                 service                              W  Thread Pool max thread count is 0. Cannot cache binder as linkToDeath cannot be implemented. serviceName: usb
2025-08-12 16:16:03.332  5181-5181  service                 service                              W  Thread Pool max thread count is 0. Cannot cache binder as linkToDeath cannot be implemented. serviceName: user
2025-08-12 16:16:03.333  5181-5181  service                 service                              W  Thread Pool max thread count is 0. Cannot cache binder as linkToDeath cannot be implemented. serviceName: uwb
2025-08-12 16:16:03.334  5181-5181  service                 service                              W  Thread Pool max thread count is 0. Cannot cache binder as linkToDeath cannot be implemented. serviceName: vcn_management
2025-08-12 16:16:03.335  5181-5181  service                 service                              W  Thread Pool max thread count is 0. Cannot cache binder as linkToDeath cannot be implemented. serviceName: vibrator_manager
2025-08-12 16:16:03.336  5181-5181  service                 service                              W  Thread Pool max thread count is 0. Cannot cache binder as linkToDeath cannot be implemented. serviceName: virtualdevice
2025-08-12 16:16:03.337  5181-5181  service                 service                              W  Thread Pool max thread count is 0. Cannot cache binder as linkToDeath cannot be implemented. serviceName: virtualdevice_native
2025-08-12 16:16:03.338  5181-5181  service                 service                              W  Thread Pool max thread count is 0. Cannot cache binder as linkToDeath cannot be implemented. serviceName: voiceinteraction
2025-08-12 16:16:03.341  5181-5181  service                 service                              W  Thread Pool max thread count is 0. Cannot cache binder as linkToDeath cannot be implemented. serviceName: vpn_management
2025-08-12 16:16:03.342  5181-5181  service                 service                              W  Thread Pool max thread count is 0. Cannot cache binder as linkToDeath cannot be implemented. serviceName: wallpaper
2025-08-12 16:16:03.344  5181-5181  service                 service                              W  Thread Pool max thread count is 0. Cannot cache binder as linkToDeath cannot be implemented. serviceName: wallpaper_effects_generation
2025-08-12 16:16:03.345  5181-5181  service                 service                              W  Thread Pool max thread count is 0. Cannot cache binder as linkToDeath cannot be implemented. serviceName: wearable_sensing
2025-08-12 16:16:03.347  5181-5181  service                 service                              W  Thread Pool max thread count is 0. Cannot cache binder as linkToDeath cannot be implemented. serviceName: webviewupdate
2025-08-12 16:16:03.347  5181-5181  service                 service                              W  Thread Pool max thread count is 0. Cannot cache binder as linkToDeath cannot be implemented. serviceName: wifi
2025-08-12 16:16:03.348  5181-5181  service                 service                              W  Thread Pool max thread count is 0. Cannot cache binder as linkToDeath cannot be implemented. serviceName: wifinl80211
2025-08-12 16:16:03.348  5181-5181  IPCThreadState          service                              E  Binder transaction failure. id: 331653, BR_*: 29201, error: -1 (Operation not permitted)
2025-08-12 16:16:03.349  5181-5181  service                 service                              W  Thread Pool max thread count is 0. Cannot cache binder as linkToDeath cannot be implemented. serviceName: wifip2p
2025-08-12 16:16:03.350  5181-5181  service                 service                              W  Thread Pool max thread count is 0. Cannot cache binder as linkToDeath cannot be implemented. serviceName: wifiscanner
2025-08-12 16:16:03.350  5181-5181  service                 service                              W  Thread Pool max thread count is 0. Cannot cache binder as linkToDeath cannot be implemented. serviceName: window
2025-08-12 16:16:03.370   747-895   ActivityTaskManager     system_server                        W  callingPackage for (uid=2000, pid=5185) has no WPC
2025-08-12 16:16:03.372   747-895   Grammatica...ctionUtils system_server                        V  AttributionSource: android.content.AttributionSource@3398a4f6 does not have READ_SYSTEM_GRAMMATICAL_GENDER permission.
2025-08-12 16:16:03.372   747-895   OptProp                 system_server                        W  Cannot read opt property android.window.PROPERTY_COMPAT_ALLOW_USER_ASPECT_RATIO_OVERRIDE
2025-08-12 16:16:03.372   747-895   OptProp                 system_server                        W  Cannot read opt property android.window.PROPERTY_COMPAT_ALLOW_USER_ASPECT_RATIO_FULLSCREEN_OVERRIDE
2025-08-12 16:16:03.372   747-895   OptProp                 system_server                        W  Cannot read opt property android.window.PROPERTY_COMPAT_ALLOW_RESIZEABLE_ACTIVITY_OVERRIDES
2025-08-12 16:16:03.373   747-895   OptProp                 system_server                        W  Cannot read opt property android.window.PROPERTY_COMPAT_ALLOW_MIN_ASPECT_RATIO_OVERRIDE
2025-08-12 16:16:03.376   747-895   OptProp                 system_server                        W  Cannot read opt property android.window.PROPERTY_COMPAT_ALLOW_ORIENTATION_OVERRIDE
2025-08-12 16:16:03.377   585-604   BpBinder                surfaceflinger                       I  onLastStrongRef automatically unlinking death recipients:
2025-08-12 16:16:03.380   747-2082  CompatChangeReporter    system_server                        D  Compat change id reported: 377864165; UID 10233; state: ENABLED
2025-08-12 16:16:03.381   747-895   ActivityTaskManager     system_server                        I  START u0 {act=android.intent.action.MAIN cat=[android.intent.category.LAUNCHER] flg=0x10000000 xflg=0x4 cmp=com.pseddev.singventory/.ui.MainActivity} with LAUNCH_MULTIPLE from uid 2000 (BAL_ALLOW_PERMISSION) result code=0
2025-08-12 16:16:03.381  1029-1090  WindowManagerShell      com.android.systemui                 V  Transition requested (#20): android.os.BinderProxy@e41333f TransitionRequestInfo { type = OPEN, triggerTask = TaskInfo{userId=0 taskId=682 effectiveUid=10233 displayId=0 isRunning=true baseIntent=Intent { act=android.intent.action.MAIN cat=[android.intent.category.LAUNCHER] flg=0x10000000 cmp=com.pseddev.singventory/.ui.MainActivity } baseActivity=ComponentInfo{com.pseddev.singventory/com.pseddev.singventory.ui.MainActivity} topActivity=ComponentInfo{com.pseddev.singventory/com.pseddev.singventory.ui.MainActivity} origActivity=null realActivity=ComponentInfo{com.pseddev.singventory/com.pseddev.singventory.ui.MainActivity} numActivities=1 lastActiveTime=1904725 supportsMultiWindow=true resizeMode=1 isResizeable=true minWidth=-1 minHeight=-1 defaultMinSize=220 token=WCT{android.window.IWindowContainerToken$Stub$Proxy@11a340c} topActivityType=1 pictureInPictureParams=null shouldDockBigOverlays=false launchIntoPipHostTaskId=-1 lastParentTaskIdBeforePip=-1 displayCutoutSafeInsets=Rect(0, 0 - 0, 0) topActivityInfo=ActivityInfo{14c0155 com.pseddev.singventory.ui.MainActivity} launchCookies=[] positionInParent=Point(0, 0) parentTaskId=-1 isFocused=false isVisible=false isVisibleRequested=false isTopActivityNoDisplay=false isSleeping=false locusId=null displayAreaFeatureId=1 isTopActivityTransparent=false isActivityStackTransparent=false lastNonFullscreenBounds=Rect(284, 660 - 796, 1740) capturedLink=null capturedLinkTimestamp=0 requestedVisibleTypes=-9 topActivityRequestOpenInBrowserEducationTimestamp=0 appCompatTaskInfo=AppCompatTaskInfo { topActivityInSizeCompat=false eligibleForLetterboxEducation= false isLetterboxEducationEnabled= true isLetterboxDoubleTapEnabled= false eligibleForUserAspectRatioButton= false topActivityBoundsLetterboxed= false isFromLetterboxDoubleTap= false topActivityLetterboxVerticalPosition= -1 topActivityLetterboxHorizontalPosition= -1 topActivityLetterboxWidth=-1 topActivityLetterboxHeight=-1 topActivityAppBounds=Rect(0, 0 - 1080, 2400) isUserFullscreenOverrideEnabled=false isSystemFullscreenOverrideEnabled=false hasMinAspectRatioOverride=false topActivityLetterboxBounds=null cameraCompatTaskInfo=CameraCompatTaskInfo { freeformCameraCompatMode=inactive}} topActivityMainWindowFrame=null}, pipChange = null, remoteTransition = null, displayChange = null, flags = 0, debugId = 20 }
2025-08-12 16:16:03.382  1029-1090  ShellSplitScreen        com.android.systemui                 D  logExit: no-op, mLoggerSessionId is null
2025-08-12 16:16:03.385   647-1937  IPCThreadState          cameraserver                         W  Sending oneway calls to frozen process.
2025-08-12 16:16:03.386  1165-1165  SplitSelectStateCtor    com...le.android.apps.nexuslauncher  W  Missing session instanceIds
2025-08-12 16:16:03.386  1165-1165  StatsLog                com...le.android.apps.nexuslauncher  D  LAUNCHER_SPLIT_SELECTION_EXIT_INTERRUPTED
2025-08-12 16:16:03.388  1029-1090  WindowManagerShell      com.android.systemui                 D  setLauncherKeepClearAreaHeight: visible=false, height=527
2025-08-12 16:16:03.388  1029-1126  HWUI                    com.android.systemui                 W  Image decoding logging dropped!
2025-08-12 16:16:03.389   747-2082  AppsFilter              system_server                        I  interaction: PackageSetting{ee75a41 com.android.microdroid.empty_payload/10196} -> PackageSetting{dbf124e com.pseddev.singventory/10233} BLOCKED
2025-08-12 16:16:03.389   747-2082  AppsFilter              system_server                        I  interaction: PackageSetting{c2d3527 com.pseddev.playstreak.debug/10231} -> PackageSetting{dbf124e com.pseddev.singventory/10233} BLOCKED
2025-08-12 16:16:03.389   747-2082  AppsFilter              system_server                        I  interaction: PackageSetting{89bb3d4 com.pseddev.playstreak/10232} -> PackageSetting{dbf124e com.pseddev.singventory/10233} BLOCKED
2025-08-12 16:16:03.391   747-779   Grammatica...ctionUtils system_server                        V  AttributionSource: android.content.AttributionSource@3398a4f6 does not have READ_SYSTEM_GRAMMATICAL_GENDER permission.
2025-08-12 16:16:03.399   747-976   Background...rolService system_server                        D  Package event received: 0
2025-08-12 16:16:03.401   510-510   Zygote                  zygote64                             D  Forked child process 5188
2025-08-12 16:16:03.402   747-786   ActivityManager         system_server                        I  Start proc 5188:com.pseddev.singventory/u0a233 for next-top-activity {com.pseddev.singventory/com.pseddev.singventory.ui.MainActivity}
2025-08-12 16:16:03.402   747-786   ActivityManager         system_server                        I  ProcessObserver broadcast disabled
2025-08-12 16:16:03.407  5188-5188  dev.singventory         zygote64                             I  Late-enabling -Xcheck:jni
2025-08-12 16:16:03.412   585-585   BpBinder                surfaceflinger                       I  onLastStrongRef automatically unlinking death recipients:
2025-08-12 16:16:03.423  5188-5188  dev.singventory         zygote64                             I  Using CollectorTypeCMC GC.
2025-08-12 16:16:03.424  5188-5188  dev.singventory         zygote64                             W  Unexpected CPU variant for x86: x86_64.
                                                                                                    Known variants: atom, sandybridge, silvermont, goldmont, goldmont-plus, goldmont-without-sha-xsaves, tremont, kabylake, alderlake, default
2025-08-12 16:16:03.427   594-616   adbd                    adbd                                 I  jdwp connection from 5188
2025-08-12 16:16:03.442  5188-5188  nativeloader            com.pseddev.singventory              D  Load libframework-connectivity-tiramisu-jni.so using APEX ns com_android_tethering for caller /apex/com.android.tethering/javalib/framework-connectivity-t.jar: ok
2025-08-12 16:16:03.454   747-976   Background...rolService system_server                        D  Package event received: 0
2025-08-12 16:16:03.480  5188-5188  nativeloader            com.pseddev.singventory              D  Load /data/user/0/com.pseddev.singventory/code_cache/startup_agents/9758b833-agent.so using system ns (caller=<unknown>): ok
2025-08-12 16:16:03.486  5188-5188  dev.singventory         com.pseddev.singventory              W  hiddenapi: DexFile /data/data/com.pseddev.singventory/code_cache/.studio/instruments-07dd17c6.jar is in boot class path but is not in a known location
2025-08-12 16:16:03.490   747-776   WindowManager           system_server                        V  Sent Transition (#20) createdAt=08-12 16:16:03.373 via request=TransitionRequestInfo { type = OPEN, triggerTask = TaskInfo{userId=0 taskId=682 effectiveUid=10233 displayId=0 isRunning=true baseIntent=Intent { act=android.intent.action.MAIN cat=[android.intent.category.LAUNCHER] flg=0x10000000 cmp=com.pseddev.singventory/.ui.MainActivity } baseActivity=ComponentInfo{com.pseddev.singventory/com.pseddev.singventory.ui.MainActivity} topActivity=ComponentInfo{com.pseddev.singventory/com.pseddev.singventory.ui.MainActivity} origActivity=null realActivity=ComponentInfo{com.pseddev.singventory/com.pseddev.singventory.ui.MainActivity} numActivities=1 lastActiveTime=1904725 supportsMultiWindow=true resizeMode=1 isResizeable=true minWidth=-1 minHeight=-1 defaultMinSize=220 token=WCT{RemoteToken{73aaafe Task{a2d7ce4 #682 type=standard A=10233:com.pseddev.singventory}}} topActivityType=1 pictureInPictureParams=null shouldDockBigOverlays=false launchIntoPipHostTaskId=-1 lastParentTaskIdBeforePip=-1 displayCutoutSafeInsets=Rect(0, 0 - 0, 0) topActivityInfo=ActivityInfo{288625f com.pseddev.singventory.ui.MainActivity} launchCookies=[] positionInParent=Point(0, 0) parentTaskId=-1 isFocused=false isVisible=false isVisibleRequested=false isTopActivityNoDisplay=false isSleeping=false locusId=null displayAreaFeatureId=1 isTopActivityTransparent=false isActivityStackTransparent=false lastNonFullscreenBounds=Rect(284, 660 - 796, 1740) capturedLink=null capturedLinkTimestamp=0 requestedVisibleTypes=-9 topActivityRequestOpenInBrowserEducationTimestamp=0 appCompatTaskInfo=AppCompatTaskInfo { topActivityInSizeCompat=false eligibleForLetterboxEducation= false isLetterboxEducationEnabled= true isLetterboxDoubleTapEnabled= false eligibleForUserAspectRatioButton= false topActivityBoundsLetterboxed= false isFromLetterboxDoubleTap= false topActivityLetterboxVerticalPosition= -1 topActivityLetterboxHorizontalPosition= -1 topActivityLetterboxWidth=-1 topActivityLetterboxHeight=-1 topActivityAppBounds=Rect(0, 0 - 1080, 2400) isUserFullscreenOverrideEnabled=false isSystemFullscreenOverrideEnabled=false hasMinAspectRatioOverride=false topActivityLetterboxBounds=null cameraCompatTaskInfo=CameraCompatTaskInfo { freeformCameraCompatMode=inactive}} topActivityMainWindowFrame=null}, pipChange = null, remoteTransition = null, displayChange = null, flags = 0, debugId = 20 }
2025-08-12 16:16:03.492   747-776   WindowManager           system_server                        V      startWCT=WindowContainerTransaction { changes= {} hops= [] errorCallbackToken=null taskFragmentOrganizer=null }
2025-08-12 16:16:03.492   747-776   WindowManager           system_server                        V      info={id=20 t=OPEN f=0x0 trk=0 r=[0@Point(0, 0)] c=[
                                                                                                            {WCT{RemoteToken{73aaafe Task{a2d7ce4 #682 type=standard A=10233:com.pseddev.singventory}}} m=OPEN f=NONE leash=Surface(name=Task=682)/@0xd9a6080 sb=Rect(0, 0 - 1080, 2400) eb=Rect(0, 0 - 1080, 2400) epz=Point(1080, 2400) d=0 taskParent=-1},
                                                                                                            {WCT{RemoteToken{6643938 Task{13c1e8a #1 type=home}}} m=TO_BACK f=SHOW_WALLPAPER leash=Surface(name=Task=1)/@0x2886ed8 sb=Rect(0, 0 - 1080, 2400) eb=Rect(0, 0 - 1080, 2400) epz=Point(1080, 2400) d=0 taskParent=-1},
                                                                                                            {m=TO_BACK f=IS_WALLPAPER leash=Surface(name=WallpaperWindowToken{eef5430 showWhenLocked=false})/@0x423a9bb sb=Rect(0, 0 - 1080, 2400) eb=Rect(0, 0 - 1080, 2400) epz=Point(1080, 2400) d=0}
                                                                                                        ]}
2025-08-12 16:16:03.493  1029-3156  WindowManagerShell      com.android.systemui                 V  onTransitionReady(transaction=3208340570888)
2025-08-12 16:16:03.499  1029-1090  WindowManagerShell      com.android.systemui                 V  onTransitionReady (#20) android.os.BinderProxy@e41333f: {id=20 t=OPEN f=0x0 trk=0 r=[0@Point(0, 0)] c=[
                                                                                                            {m=OPEN f=NONE leash=Surface(name=Task=682)/@0x34bbf1a sb=Rect(0, 0 - 1080, 2400) eb=Rect(0, 0 - 1080, 2400) epz=Point(1080, 2400) d=0 taskParent=-1},
                                                                                                            {m=TO_BACK f=SHOW_WALLPAPER leash=Surface(name=Task=1)/@0x3967a4b sb=Rect(0, 0 - 1080, 2400) eb=Rect(0, 0 - 1080, 2400) epz=Point(1080, 2400) d=0 taskParent=-1},
                                                                                                            {m=TO_BACK f=IS_WALLPAPER leash=Surface(name=WallpaperWindowToken{eef5430 showWhenLocked=false})/@0x1571c28 sb=Rect(0, 0 - 1080, 2400) eb=Rect(0, 0 - 1080, 2400) epz=Point(1080, 2400) d=0}
                                                                                                        ]}
2025-08-12 16:16:03.500  1029-1090  WindowManagerShell      com.android.systemui                 V  Playing animation for (#20) android.os.BinderProxy@e41333f@0
2025-08-12 16:16:03.500  1029-1090  ShellRecents            com.android.systemui                 V  RecentsTransitionHandler.startAnimation: no controller found
2025-08-12 16:16:03.500  1029-1090  WindowManagerShell      com.android.systemui                 V  Transition doesn't have explicit remote, search filters for match for {id=20 t=OPEN f=0x0 trk=0 r=[0@Point(0, 0)] c=[{m=OPEN f=NONE leash=Surface(name=Task=682)/@0x34bbf1a sb=Rect(0, 0 - 1080, 2400) eb=Rect(0, 0 - 1080, 2400) epz=Point(1080, 2400) d=0 taskParent=-1},{m=TO_BACK f=SHOW_WALLPAPER leash=Surface(name=Task=1)/@0x3967a4b sb=Rect(0, 0 - 1080, 2400) eb=Rect(0, 0 - 1080, 2400) epz=Point(1080, 2400) d=0 taskParent=-1},{m=TO_BACK f=IS_WALLPAPER leash=Surface(name=WallpaperWindowToken{eef5430 showWhenLocked=false})/@0x1571c28 sb=Rect(0, 0 - 1080, 2400) eb=Rect(0, 0 - 1080, 2400) epz=Point(1080, 2400) d=0}]}
2025-08-12 16:16:03.500  1029-1090  WindowManagerShell      com.android.systemui                 V   Checking filter Pair{{types=[] flags=0x0] notFlags=0x0 checks=[{atype=undefined independent=true modes=[CLOSE,TO_BACK] flags=IN_TASK_WITH_EMBEDDED_ACTIVITY mustBeTask=false order=ANY topActivity=null launchCookie=null taskFragmentToken=android.os.BinderProxy@45112ea windowingMode=undefined}]} RemoteTransition { remoteTransition = android.window.IRemoteTransition$Stub$Proxy@54489db, appThread = android.app.IApplicationThread$Stub$Proxy@a919c78, debugName = overlayBackTransition }}
2025-08-12 16:16:03.500  1029-1090  WindowManagerShell      com.android.systemui                 V   Checking filter Pair{{types=[] flags=0x0] notFlags=0x0 checks=[{atype=dream independent=true modes=[OPEN,TO_FRONT] flags=NONE mustBeTask=false order=ANY topActivity=null launchCookie=null windowingMode=undefined},{atype=home independent=true modes=[CLOSE,TO_BACK] flags=NONE mustBeTask=false order=ANY topActivity=null launchCookie=null windowingMode=undefined}]} RemoteTransition { remoteTransition = android.window.IRemoteTransition$Stub$Proxy@a7c5f51, appThread = android.app.IApplicationThread$Stub$Proxy@5a573b6, debugName = LauncherToDream }}
2025-08-12 16:16:03.500  1029-1090  WindowManagerShell      com.android.systemui                 V   Checking filter Pair{{types=[] flags=0x0] notFlags=0x100 checks=[{atype=home independent=true modes=[OPEN,TO_FRONT] flags=NONE mustBeTask=false order=TOP topActivity=ComponentInfo{com.google.android.apps.nexuslauncher/com.google.android.apps.nexuslauncher.NexusLauncherActivity} launchCookie=null windowingMode=undefined},{atype=standard independent=true modes=[CLOSE,TO_BACK] flags=NONE mustBeTask=false order=ANY topActivity=null launchCookie=null windowingMode=undefined},{NOT atype=undefined independent=true modes=[] flags=NONE mustBeTask=true order=ANY topActivity=null launchCookie=null customAnim=true windowingMode=undefined}]} RemoteTransition { remoteTransition = android.window.IRemoteTransition$Stub$Proxy@577e8b7, appThread = android.app.IApplicationThread$Stub$Proxy@1800824, debugName = QuickstepLaunchHome }}
2025-08-12 16:16:03.500  1029-1090  WindowManagerShell      com.android.systemui                 V   Delegate animation for (#20) to null
2025-08-12 16:16:03.500  1029-1090  WindowManagerShell      com.android.systemui                 V  start default transition animation, info = {id=20 t=OPEN f=0x0 trk=0 r=[0@Point(0, 0)] c=[{m=OPEN f=NONE leash=Surface(name=Task=682)/@0x34bbf1a sb=Rect(0, 0 - 1080, 2400) eb=Rect(0, 0 - 1080, 2400) epz=Point(1080, 2400) d=0 taskParent=-1},{m=TO_BACK f=SHOW_WALLPAPER leash=Surface(name=Task=1)/@0x3967a4b sb=Rect(0, 0 - 1080, 2400) eb=Rect(0, 0 - 1080, 2400) epz=Point(1080, 2400) d=0 taskParent=-1},{m=TO_BACK f=IS_WALLPAPER leash=Surface(name=WallpaperWindowToken{eef5430 showWhenLocked=false})/@0x1571c28 sb=Rect(0, 0 - 1080, 2400) eb=Rect(0, 0 - 1080, 2400) epz=Point(1080, 2400) d=0}]}
2025-08-12 16:16:03.500  1029-1090  WindowManagerShell      com.android.systemui                 V  loadAnimation: anim=android.view.animation.AnimationSet@1d07027 animAttr=0x13 type=OPEN isEntrance=false
2025-08-12 16:16:03.500  1029-1090  WindowManagerShell      com.android.systemui                 V  loadAnimation: anim=android.view.animation.AnimationSet@d15d2d4 animAttr=0x12 type=OPEN isEntrance=true
2025-08-12 16:16:03.501  1029-1090  WindowManagerShell      com.android.systemui                 V   animated by com.android.wm.shell.transition.DefaultTransitionHandler@35b7e4d
2025-08-12 16:16:03.616  5188-5188  dev.singventory         com.pseddev.singventory              W  Redefining intrinsic method java.lang.Thread java.lang.Thread.currentThread(). This may cause the unexpected use of the original definition of java.lang.Thread java.lang.Thread.currentThread()in methods that have already been compiled.
2025-08-12 16:16:03.616  5188-5188  dev.singventory         com.pseddev.singventory              W  Redefining intrinsic method boolean java.lang.Thread.interrupted(). This may cause the unexpected use of the original definition of boolean java.lang.Thread.interrupted()in methods that have already been compiled.
---------------------------- PROCESS STARTED (5188) for package com.pseddev.singventory ----------------------------
2025-08-12 16:16:03.646  5188-5188  ApplicationLoaders      com.pseddev.singventory              D  Returning zygote-cached class loader: /system_ext/framework/androidx.window.extensions.jar
2025-08-12 16:16:03.647  5188-5188  ApplicationLoaders      com.pseddev.singventory              D  Returning zygote-cached class loader: /system_ext/framework/androidx.window.sidecar.jar
2025-08-12 16:16:03.697  5188-5188  nativeloader            com.pseddev.singventory              D  Configuring clns-9 for other apk /data/app/~~AO2eFV3z0MhGKvPEK5tEeg==/com.pseddev.singventory-aibyLpT6WzofK0jSCVC0bQ==/base.apk. target_sdk_version=36, uses_libraries=, library_path=/data/app/~~AO2eFV3z0MhGKvPEK5tEeg==/com.pseddev.singventory-aibyLpT6WzofK0jSCVC0bQ==/lib/x86_64, permitted_path=/data:/mnt/expand:/data/user/0/com.pseddev.singventory
2025-08-12 16:16:03.702  5188-5188  dev.singventory         com.pseddev.singventory              I  AssetManager2(0x7f287ce392b8) locale list changing from [] to [en-US]
2025-08-12 16:16:03.703  5188-5188  dev.singventory         com.pseddev.singventory              I  AssetManager2(0x7f287ce3a258) locale list changing from [] to [en-US]
2025-08-12 16:16:03.708  5188-5188  GraphicsEnvironment     com.pseddev.singventory              V  Currently set values for:
2025-08-12 16:16:03.708  5188-5188  GraphicsEnvironment     com.pseddev.singventory              V    angle_gl_driver_selection_pkgs=[]
2025-08-12 16:16:03.708  5188-5188  GraphicsEnvironment     com.pseddev.singventory              V    angle_gl_driver_selection_values=[]
2025-08-12 16:16:03.708  5188-5188  GraphicsEnvironment     com.pseddev.singventory              V  com.pseddev.singventory is not listed in per-application setting
2025-08-12 16:16:03.708  5188-5188  GraphicsEnvironment     com.pseddev.singventory              V  ANGLE allowlist from config:
2025-08-12 16:16:03.708  5188-5188  GraphicsEnvironment     com.pseddev.singventory              V  com.pseddev.singventory is not listed in ANGLE allowlist or settings, returning default
2025-08-12 16:16:03.708  5188-5188  GraphicsEnvironment     com.pseddev.singventory              V  Neither updatable production driver nor prerelease driver is supported.
2025-08-12 16:16:03.756  1162-1387  SatelliteController     com.android.phone                    D  iisInCarrierRoamingNbIotNtn: satellite is disabled
2025-08-12 16:16:03.767  5188-5188  SessionsDependencies    com.pseddev.singventory              D  Dependency to CRASHLYTICS added.
2025-08-12 16:16:03.774  5188-5188  FirebaseApp             com.pseddev.singventory              I  Device unlocked: initializing all Firebase APIs for app [DEFAULT]
2025-08-12 16:16:03.801  5188-5188  FirebaseCrashlytics     com.pseddev.singventory              I  Initializing Firebase Crashlytics 18.6.0 for com.pseddev.singventory
2025-08-12 16:16:03.802  1029-1090  WindowManagerShell      com.android.systemui                 V  Transition animation finished (aborted=false), notifying core (#20) android.os.BinderProxy@e41333f@0
2025-08-12 16:16:03.805   747-776   WindowManager           system_server                        V  Finish Transition (#20): created at 08-12 16:16:03.373 collect-started=0.063ms request-sent=7.223ms started=8.675ms ready=108.93ms sent=115.37ms commit=22.624ms finished=431.194ms
2025-08-12 16:16:03.807  1029-1090  WindowManagerShell      com.android.systemui                 V  Track 0 became idle
2025-08-12 16:16:03.807  1029-1090  WindowManagerShell      com.android.systemui                 V  All active transition animations finished
2025-08-12 16:16:03.813  1165-1165  VRI[NexusL...rActivity] com...le.android.apps.nexuslauncher  D  visibilityChanged oldVisibility=true newVisibility=false
2025-08-12 16:16:03.828  1165-1165  NexusLaunc...elDelegate com...le.android.apps.nexuslauncher  D  notifySmartspaceEvent: SmartspaceTargetEvent{mSmartspaceTarget=null, mSmartspaceActionId='null', mEventType=7}
2025-08-12 16:16:03.829  5188-5205  dev.singventory         com.pseddev.singventory              W  ClassLoaderContext classpath size mismatch. expected=1, found=0 (DLC[];PCL[base.apk*867641888]{PCL[/system/framework/org.apache.http.legacy.jar*4247870504]#PCL[/system/framework/com.android.media.remotedisplay.jar*487574312]#PCL[/system/framework/com.android.location.provider.jar*1570284764]#PCL[/system_ext/framework/androidx.window.extensions.jar*1030441313]#PCL[/system_ext/framework/androidx.window.sidecar.jar*3860983653]} | DLC[];PCL[])
2025-08-12 16:16:03.833  5188-5205  DynamiteModule          com.pseddev.singventory              I  Considering local module com.google.android.gms.measurement.dynamite:97 and remote module com.google.android.gms.measurement.dynamite:153
2025-08-12 16:16:03.833  5188-5205  DynamiteModule          com.pseddev.singventory              I  Selected remote version of com.google.android.gms.measurement.dynamite, version >= 153
2025-08-12 16:16:03.834  5188-5205  DynamiteModule          com.pseddev.singventory              V  Dynamite loader version >= 2, using loadModule2NoCrashUtils
2025-08-12 16:16:03.842  5188-5188  SessionsDependencies    com.pseddev.singventory              D  Subscriber CRASHLYTICS registered.
2025-08-12 16:16:03.848  5188-5205  System                  com.pseddev.singventory              W  ClassLoader referenced unknown path:
2025-08-12 16:16:03.849  5188-5205  nativeloader            com.pseddev.singventory              D  Configuring clns-10 for other apk . target_sdk_version=36, uses_libraries=, library_path=/data/app/~~gloh8drl9NFjR4YvmdhLRA==/com.google.android.gms-8Ic1Eb__klr8HiTyoTV6QA==/lib/x86_64:/data/app/~~gloh8drl9NFjR4YvmdhLRA==/com.google.android.gms-8Ic1Eb__klr8HiTyoTV6QA==/base.apk!/lib/x86_64, permitted_path=/data:/mnt/expand:/data/user/0/com.google.android.gms
2025-08-12 16:16:03.856  5188-5205  dev.singventory         com.pseddev.singventory              I  AssetManager2(0x7f287ce2ffd8) locale list changing from [] to [en-US]
2025-08-12 16:16:03.859  5188-5188  FirebaseCrashlytics     com.pseddev.singventory              E  .
2025-08-12 16:16:03.859  5188-5188  FirebaseCrashlytics     com.pseddev.singventory              E  .     |  |
2025-08-12 16:16:03.859  5188-5188  FirebaseCrashlytics     com.pseddev.singventory              E  .     |  |
2025-08-12 16:16:03.859  5188-5188  FirebaseCrashlytics     com.pseddev.singventory              E  .     |  |
2025-08-12 16:16:03.859  5188-5188  FirebaseCrashlytics     com.pseddev.singventory              E  .   \ |  | /
2025-08-12 16:16:03.859  5188-5188  FirebaseCrashlytics     com.pseddev.singventory              E  .    \    /
2025-08-12 16:16:03.860  5188-5188  FirebaseCrashlytics     com.pseddev.singventory              E  .     \  /
2025-08-12 16:16:03.861  5188-5188  FirebaseCrashlytics     com.pseddev.singventory              E  .      \/
2025-08-12 16:16:03.861  5188-5188  FirebaseCrashlytics     com.pseddev.singventory              E  .
2025-08-12 16:16:03.861  5188-5188  FirebaseCrashlytics     com.pseddev.singventory              E  The Crashlytics build ID is missing. This occurs when the Crashlytics Gradle plugin is missing from your app's build configuration. Please review the Firebase Crashlytics onboarding instructions at https://firebase.google.com/docs/crashlytics/get-started?platform=android#add-plugin
2025-08-12 16:16:03.861  5188-5188  FirebaseCrashlytics     com.pseddev.singventory              E  .
2025-08-12 16:16:03.861  5188-5188  FirebaseCrashlytics     com.pseddev.singventory              E  .      /\
2025-08-12 16:16:03.861  5188-5188  FirebaseCrashlytics     com.pseddev.singventory              E  .     /  \
2025-08-12 16:16:03.861  5188-5188  FirebaseCrashlytics     com.pseddev.singventory              E  .    /    \
2025-08-12 16:16:03.861  5188-5188  FirebaseCrashlytics     com.pseddev.singventory              E  .   / |  | \
2025-08-12 16:16:03.861  5188-5188  FirebaseCrashlytics     com.pseddev.singventory              E  .     |  |
2025-08-12 16:16:03.861  5188-5188  FirebaseCrashlytics     com.pseddev.singventory              E  .     |  |
2025-08-12 16:16:03.861  5188-5188  FirebaseCrashlytics     com.pseddev.singventory              E  .     |  |
2025-08-12 16:16:03.861  5188-5188  FirebaseCrashlytics     com.pseddev.singventory              E  .
2025-08-12 16:16:03.862  5188-5188  AndroidRuntime          com.pseddev.singventory              D  Shutting down VM
2025-08-12 16:16:03.864  5188-5188  AndroidRuntime          com.pseddev.singventory              E  FATAL EXCEPTION: main
                                                                                                    Process: com.pseddev.singventory, PID: 5188
                                                                                                    java.lang.RuntimeException: Unable to get provider com.google.firebase.provider.FirebaseInitProvider: java.lang.IllegalStateException: The Crashlytics build ID is missing. This occurs when the Crashlytics Gradle plugin is missing from your app's build configuration. Please review the Firebase Crashlytics onboarding instructions at https://firebase.google.com/docs/crashlytics/get-started?platform=android#add-plugin
                                                                                                    	at android.app.ActivityThread.installProvider(ActivityThread.java:8647)
                                                                                                    	at android.app.ActivityThread.installContentProviders(ActivityThread.java:8157)
                                                                                                    	at android.app.ActivityThread.handleBindApplication(ActivityThread.java:7814)
                                                                                                    	at android.app.ActivityThread.-$$Nest$mhandleBindApplication(Unknown Source:0)
                                                                                                    	at android.app.ActivityThread$H.handleMessage(ActivityThread.java:2546)
                                                                                                    	at android.os.Handler.dispatchMessage(Handler.java:110)
                                                                                                    	at android.os.Looper.loopOnce(Looper.java:248)
                                                                                                    	at android.os.Looper.loop(Looper.java:338)
                                                                                                    	at android.app.ActivityThread.main(ActivityThread.java:9067)
